✔ component policy edits invalidate real cached dependency data without changing source (5.632259ms)
✔ tracked TSconfig edits invalidate the component dependency cache (1.428522ms)
✔ untracked existing TSconfig is not an invalidation input in the legacy cache contract (0.930638ms)
✔ cache bypass does not inspect or deserialize persistent entries (0.415375ms)
✔ diagnostic tracing forwards source APIs, real detective results and original parser errors (168.215236ms)
✔ disabled scope leaves callbacks unchanged and does not create helpers (0.8523ms)
✔ exclusive leases are bounded and nested scopes retain the outer owner (0.641552ms)
✔ detached asynchronous work cannot reopen its closed owner context but owns a new operation (0.258487ms)
✔ reset refuses pending work, clears both caches after completion, and reuses the physical helper (6.703436ms)
✔ leases isolate executable and working-directory configurations (0.534933ms)
✔ sequential graphs reuse one helper while rereading changed files and disposing at operation end (14.495917ms)
✔ a detector registered between graphs retains precedence over an already reused helper (3.243449ms)
✔ independent overlapping operations do not share helper or cache ownership (2.491098ms)
✔ concurrent graphs within an operation hold separate snapshots until released (3.93729ms)
✔ failed helper is disabled for the operation and retried only in a new operation (2.35048ms)
✔ owner exceptions clean up leased helpers without hiding the original error (12.204935ms)
✔ direct graph calls retain individual ownership outside a component-load scope (3.820661ms)
✔ separate fixture keeps CLI provenance and owned cache with verified source content (2.098723ms)
✔ cache symlink is rejected before creating directories outside the fixture (1.013527ms)
✔ globals disable interactive telemetry prompts only in the owned directory (0.515983ms)
✔ legacy reference preserves imported name and TypeScript type metadata (6.36512ms)
✔ comparator rejects lost metadata even when precinct names match (0.897659ms)
✔ comparator rejects parse success and dependency order drift (0.461654ms)
✔ precinct no-check and core filtering apply before comparison (4.602411ms)
✔ wire comparison preserves omitted undefined legacy metadata (2.816024ms)
✔ legacy optional calls differ between Babel JS and ESTree TS (1.56885ms)
✔ tracked corpus selection is sorted, reproducible, and restricted to supported extensions (5.280603ms)
✔ JS reference follows precinct module classification (1.262144ms)
✔ prototype fallback fixtures execute real legacy omissions and metadata errors (12.63318ms)
✔ dependency aspect explicitly registers the component-load scope adapter (109.411942ms)
✔ component loadMany shares scope across cold sequential components and leaves warm cache untouched (33.13134ms)
✔ nested component loadMany retains the outer helper until parent loading completes (3.251948ms)
✔ default extraction and custom environment precedence do not invoke native methods (4.059618ms)
✔ matching hook keeps legacy predicate count and bypasses native extraction (0.486934ms)
✔ nonmatching predicates execute once and lazy native receives the exact source already read (0.540803ms)
✔ unsupported and unavailable native outcomes execute legacy extraction; parse_error stays an error (1.385183ms)
✔ core filtering stays in precinct and unsupported parser options retain legacy behavior (0.767081ms)
✔ leading no-check still bypasses lazy custom dispatch and parsing invalid source (0.376945ms)
✔ real native and legacy extraction produce identical resolved trees, path maps, missing imports and filters (9.328082ms)
✔ visited graph cache skips native extraction completely (1.075726ms)
✔ native TS parse errors preserve canonical diagnostics and final disposal (3.738832ms)
✔ unsupported JS classification and unavailable executable fall back to identical resolved trees (10.953201ms)
✔ registered nonmatching hook uses real native inline extraction without extra predicates (3.702083ms)
✔ lazy native uses the authoritative read snapshot rather than prefetched or later disk contents (1.994185ms)
✔ filter exceptions preserve recorded failure and dispose the native operation (1.769157ms)
✔ resolved import replacement stays fresh across pooled analyses with exact result parity (3.763862ms)
✔ package main replacement changes resolution without changing source or retaining pooled results (3.691483ms)
✔ changing TSconfig preserves legacy built-in behavior: TS path aliases are not consumed (6.972991ms)
✔ prototype-key fallback preserves actual legacy omissions and metadata error classification (13.465829ms)
✔ inline parse diagnostics use the original snapshot without repeating custom predicates (0.716551ms)
✔ disappearing prefetched source retains its established native parse failure (0.346035ms)
✔ frontier duplicates retain metadata and logical path identity (8.471823ms)
✔ authoritative inline edits replace dependencies without a second file read (1.343163ms)
✔ lease cache clearing preserves source freshness and malformed-source diagnostics (1.903815ms)
✔ simultaneous RSS includes every descendant and thread child without duplicate counting (3.21763ms)
✔ peak is a simultaneous sum rather than a sum of independent process peaks (1.137545ms)
✔ observed orphan descendants remain included and reused unrelated PIDs are excluded (1.701338ms)
✔ stale child lists cannot attribute an unrelated reused PID to the command (0.75818ms)
✔ vanished processes are reported and cannot contribute stale RSS (0.961167ms)
✔ missing task children lists fail instead of silently measuring only the root (0.550433ms)
✔ invalid root and interval fail explicitly (0.289726ms)
✔ identity is rechecked when a PID changes between stat and RSS reads (0.855379ms)
✔ unreadable live process memory is reported as a failed read (0.7622ms)
✔ cancellation escalates before waiting for a SIGTERM-resistant process to close (40.506097ms)
✔ overall command timeout also terminates resistant process groups (66.342908ms)
✔ real process allocations are observed and timer cleanup allows shutdown (20.017896ms)
✔ exit-time missing VmRSS is zero only with valid zero-resident statm and stable identity (0.991557ms)
✔ missing VmRSS with positive resident pages or malformed statm remains a failure (2.802154ms)
✔ zero-resident fallback rechecks identity after statm instead of attributing a reused PID (0.865689ms)
✔ zero-resident fallback distinguishes disappeared tasks from unreadable memory (1.883446ms)
✔ malformed VmRSS cannot use valid zero-resident statm to hide a read failure (1.044857ms)
✔ batches respect file bounds, preserve logical paths, and cache duplicate requests (18.889841ms)
✔ overlapping concurrent prefetch calls share inflight work (167.497055ms)
✔ cache results cannot be mutated and separate sessions isolate identical relative paths (16.621719ms)
✔ unsupported, parse_error, and read_error outcomes retain original status and diagnostics (16.199044ms)
✔ wrong-id invalidates session without caching partial outcomes (15.423305ms)
✔ wrong-path invalidates session without caching partial outcomes (14.089661ms)
✔ wrong-count invalidates session without caching partial outcomes (13.876084ms)
✔ bad-status invalidates session without caching partial outcomes (13.603267ms)
✔ bad-metadata invalidates session without caching partial outcomes (14.395547ms)
✔ wrong-version invalidates session without caching partial outcomes (13.38087ms)
✔ partial-error invalidates session without caching partial outcomes (13.330261ms)
✔ malformed invalidates session without caching partial outcomes (13.868974ms)
✔ crash invalidates session without caching partial outcomes (13.503459ms)
✔ duplicate-response invalidates session without caching partial outcomes (13.532218ms)
✔ invalid-utf8 invalidates session without caching partial outcomes (12.798107ms)
✔ a later timeout clears previously cached success (1514.513196ms)
✔ abort cancels inflight scan and clears session (21.568397ms)
✔ dispose cancels inflight and queued batches and is idempotent (21.048313ms)
✔ oversized stdout invalidates session before unbounded line accumulation (15.238576ms)
✔ noisy stderr drains without deadlock or oversized failure diagnostics (15.917468ms)
✔ split NDJSON chunks reconstruct a complete response (23.127846ms)
✔ request byte bounds refuse an unrepresentable file instead of hanging (0.414975ms)
✔ cache overflow invalidates the whole session rather than serving a partial batch (14.494226ms)
✔ byte-based batch splitting keeps each wire request within its configured bound (14.475186ms)
✔ pre-aborted sessions do not spawn a helper (0.360195ms)
✔ missing executable becomes unavailable without rejecting caller work (2.229242ms)
✔ dispose eventually terminates a helper with a SIGTERM handler (1029.248013ms)
✔ inline cache keys include content and do not alias path-prefetch snapshots (15.426344ms)
✔ concurrent inline requests deduplicate matching content and isolate different files (115.634753ms)
✔ oversized inline sources fall back without spawning or contaminating later cache (14.24834ms)
✔ inline JSON request overflow preserves the session for smaller requests (44.767072ms)
✔ pending request overload falls back while accepted work and later scans remain usable (115.07148ms)
✔ queued byte overload releases reservations and retains accepted outcomes (116.155376ms)
✔ inline cache copies preserve parse and fallback semantics after caller mutation (15.072779ms)
✔ an undisposed idle session does not keep the parent process alive (154.620098ms)
✔ explicit argument vectors are copied and thread flags follow launcher arguments (14.688333ms)
✔ invalid argument vector configuration is rejected before spawning (0.349735ms)
✔ real Rust scanner handles disk and inline sources, cache, errors, and cleanup (12.59778ms)
✔ real helper preserves Unicode and platform separator logical spellings (1.684539ms)
✔ real helper respects filesystem case behavior without collapsing logical case identities (1.644759ms)
ℹ filesystem is case-sensitive for these spellings
✔ real helper keeps symlink logical identities separate from read targets (2.266662ms)
ℹ tests 112
ℹ suites 0
ℹ pass 112
ℹ fail 0
ℹ cancelled 0
ℹ skipped 0
ℹ todo 0
ℹ duration_ms 3845.513006
